aiueo@aiueo-LifeBook-T4220:~/Desktop/fp$ git clone https://github.com/balimau/portfolio.git
Cloning into 'portfolio'...
remote: Enumerating objects: 18, done.
remote: Counting objects: 100% (18/18), done.
remote: Compressing objects: 100% (15/15), done.
remote: Total 18 (delta 6), reused 0 (delta 0), pack-reused 0
Unpacking objects: 100% (18/18), done.
Checking connectivity... done.

aiueo@aiueo-LifeBook-T4220:~/Desktop/fp/portfolio$ git init
Reinitialized existing Git repository in /home/aiueo/Desktop/fp/portfolio/.git/

aiueo@aiueo-LifeBook-T4220:~/Desktop/fp/portfolio$ git add .
aiueo@aiueo-LifeBook-T4220:~/Desktop/fp/portfolio$ git commit -m "1234"
[master e07d972] 1234
 10 files changed, 321 insertions(+)
 create mode 100644 css/main.css
 create mode 100644 img/background.jpg
 create mode 100644 img/portrait.jpg
 create mode 100644 img/portrait_small.jpg
 create mode 100644 img/projects/project1.jpg
 create mode 100644 img/projects/project2.jpg
 create mode 100644 img/projects/project3.jpg
 create mode 100644 img/projects/project4.jpg
 create mode 100644 img/projects/project5.jpg
 create mode 100644 js/main.js

aiueo@aiueo-LifeBook-T4220:~/Desktop/fp/portfolio$ git status
On branch master
Your branch is ahead of 'origin/master' by 1 commit.
  (use "git push" to publish your local commits)

nothing to commit, working directory clean

aiueo@aiueo-LifeBook-T4220:~/Desktop/fp/portfolio$ git push
Username for 'https://github.com': balimau
Password for 'https://balimau@github.com': 
remote: Invalid username or password.
fatal: Authentication failed for 'https://github.com/balimau/portfolio.git/'
aiueo@aiueo-LifeBook-T4220:~/Desktop/fp/portfolio$ git push
Username for 'https://github.com': balimau
Password for 'https://balimau@github.com': 
Counting objects: 17, done.
Delta compression using up to 2 threads.
Compressing objects: 100% (14/14), done.
Writing objects: 100% (16/16), 929.40 KiB | 0 bytes/s, done.
Total 16 (delta 1), reused 0 (delta 0)
remote: Resolving deltas: 100% (1/1), completed with 1 local object.
To https://github.com/balimau/portfolio.git
   9fcb7f2..e07d972  master -> master
aiueo@aiueo-LifeBook-T4220:~/Desktop/fp/portfolio$ 

git clone https://github.com/balimau/portfolio.git
git config --global user.email balimau.com@gmail.com
git init
git add .
git commit -m "1234"
git status
git push